// Jest Snapshot v1, https://goo.gl/fbAQLP

exports[`BikeMap should match the correct snapshot 1`] = `
<div
  className="map-container"
/>
`;
