// Jest Snapshot v1, https://goo.gl/fbAQLP

exports[`NotFound should match the correct snapshot 1`] = `
<div
  className="not-found-div"
>
  <h3>
    404 Page Not Found
  </h3>
</div>
`;
